../Core/Src/main.c:102:5:_write	24	static
../Core/Src/main.c:112:5:main	16	static
../Core/Src/main.c:168:6:SystemClock_Config	120	static
../Core/Src/main.c:227:13:MX_ETH_Init	8	static
../Core/Src/main.c:276:13:MX_SPI1_Init	8	static
../Core/Src/main.c:324:13:MX_TIM1_Init	40	static
../Core/Src/main.c:371:13:MX_USART3_UART_Init	8	static
../Core/Src/main.c:419:13:MX_USB_OTG_FS_PCD_Init	8	static
../Core/Src/main.c:455:13:MX_GPIO_Init	56	static
../Core/Src/main.c:537:6:printsignal	16	static
../Core/Src/main.c:546:6:printfiltersignal	16	static
../Core/Src/main.c:564:6:Error_Handler	4	static,ignoring_inline_asm
