../Core/Src/main.c:97:5:_write	1
../Core/Src/main.c:107:5:main	1
../Core/Src/main.c:161:6:SystemClock_Config	4
../Core/Src/main.c:220:13:MX_ETH_Init	2
../Core/Src/main.c:269:13:MX_SPI1_Init	2
../Core/Src/main.c:317:13:MX_TIM1_Init	4
../Core/Src/main.c:364:13:MX_USART3_UART_Init	5
../Core/Src/main.c:412:13:MX_USB_OTG_FS_PCD_Init	2
../Core/Src/main.c:448:13:MX_GPIO_Init	1
../Core/Src/main.c:530:6:printsignal	2
../Core/Src/main.c:539:6:printfiltersignal	2
../Core/Src/main.c:557:6:Error_Handler	1
